{"sequence": 1, "timestamp_utc": "2026-09-26T16:39:54.834+00:00", "action": "scenario_created", "actor": "demo", "scenario_id": "SCN-orion-medium-2026", "plan_id": null, "detail": {}, "outcome": "ok"}
{"sequence": 2, "timestamp_utc": "2026-09-26T16:39:54.834+00:00", "action": "scenario_validated", "actor": "demo", "scenario_id": "SCN-orion-medium-2026", "plan_id": null, "detail": {}, "outcome": "ok"}
{"sequence": 1, "timestamp_utc": "2026-09-26T16:39:59.691+00:00", "action": "scenario_created", "actor": "demo", "scenario_id": "SCN-orion-medium-2026", "plan_id": null, "detail": {}, "outcome": "ok"}
{"sequence": 2, "timestamp_utc": "2026-09-26T16:39:59.691+00:00", "action": "scenario_validated", "actor": "demo", "scenario_id": "SCN-orion-medium-2026", "plan_id": null, "detail": {}, "outcome": "ok"}
{"sequence": 3, "timestamp_utc": "2026-09-26T16:40:00.057+00:00", "action": "plan_generated", "actor": "demo", "scenario_id": "SCN-orion-medium-2026", "plan_id": "PLAN-0002", "detail": {"solver": "LOCAL_SEARCH", "status": "FEASIBLE", "objective": 301.03374326513534, "runtime_s": 0.3645161000022199}, "outcome": "ok"}
{"sequence": 1, "timestamp_utc": "2026-09-26T16:40:09.313+00:00", "action": "scenario_created", "actor": "demo", "scenario_id": "SCN-orion-medium-2026", "plan_id": null, "detail": {}, "outcome": "ok"}
{"sequence": 2, "timestamp_utc": "2026-09-26T16:40:09.313+00:00", "action": "scenario_validated", "actor": "demo", "scenario_id": "SCN-orion-medium-2026", "plan_id": null, "detail": {}, "outcome": "ok"}
{"sequence": 3, "timestamp_utc": "2026-09-26T16:40:09.680+00:00", "action": "plan_generated", "actor": "demo", "scenario_id": "SCN-orion-medium-2026", "plan_id": "PLAN-0002", "detail": {"solver": "LOCAL_SEARCH", "status": "FEASIBLE", "objective": 301.03374326513534, "runtime_s": 0.3661312000185717}, "outcome": "ok"}
{"sequence": 4, "timestamp_utc": "2026-09-26T16:40:09.733+00:00", "action": "simulation_started", "actor": "demo", "scenario_id": "SCN-orion-medium-2026", "plan_id": "PLAN-0002", "detail": {"events": 66}, "outcome": "ok"}
{"sequence": 5, "timestamp_utc": "2026-09-26T16:40:09.734+00:00", "action": "disruption_injected", "actor": "demo", "scenario_id": "SCN-orion-medium-2026", "plan_id": null, "detail": {"disruption_id": "SCN-orion-medium-2026-FAIL-01", "disruption_type": "VEHICLE_FAILURE"}, "outcome": "ok"}
{"sequence": 1, "timestamp_utc": "2026-09-26T16:40:26.600+00:00", "action": "scenario_created", "actor": "demo", "scenario_id": "SCN-orion-medium-2026", "plan_id": null, "detail": {}, "outcome": "ok"}
{"sequence": 2, "timestamp_utc": "2026-09-26T16:40:26.601+00:00", "action": "scenario_validated", "actor": "demo", "scenario_id": "SCN-orion-medium-2026", "plan_id": null, "detail": {}, "outcome": "ok"}
{"sequence": 3, "timestamp_utc": "2026-09-26T16:40:26.965+00:00", "action": "plan_generated", "actor": "demo", "scenario_id": "SCN-orion-medium-2026", "plan_id": "PLAN-0002", "detail": {"solver": "LOCAL_SEARCH", "status": "FEASIBLE", "objective": 301.03374326513534, "runtime_s": 0.3627705000108108}, "outcome": "ok"}
{"sequence": 4, "timestamp_utc": "2026-09-26T16:40:27.021+00:00", "action": "simulation_started", "actor": "demo", "scenario_id": "SCN-orion-medium-2026", "plan_id": "PLAN-0002", "detail": {"events": 66}, "outcome": "ok"}
{"sequence": 5, "timestamp_utc": "2026-09-26T16:40:27.021+00:00", "action": "disruption_injected", "actor": "demo", "scenario_id": "SCN-orion-medium-2026", "plan_id": null, "detail": {"disruption_id": "SCN-orion-medium-2026-FAIL-01", "disruption_type": "VEHICLE_FAILURE"}, "outcome": "ok"}
{"sequence": 6, "timestamp_utc": "2026-09-26T16:40:27.374+00:00", "action": "local_repair_attempted", "actor": "demo", "scenario_id": "SCN-orion-medium-2026", "plan_id": "PLAN-0002", "detail": {"disruption_id": "SCN-orion-medium-2026-FAIL-01", "strategy": "sequential", "repaired_tasks": 4, "seconds": 0.0055096000141929835}, "outcome": "ok"}
{"sequence": 7, "timestamp_utc": "2026-09-26T16:40:27.374+00:00", "action": "full_reoptimization_attempted", "actor": "demo", "scenario_id": "SCN-orion-medium-2026", "plan_id": null, "detail": {"disruption_id": "SCN-orion-medium-2026-FAIL-01", "solver": "LOCAL_SEARCH", "status": "FEASIBLE", "objective": 289.36308752529646}, "outcome": "ok"}
{"sequence": 1, "timestamp_utc": "2026-09-26T16:41:34.880+00:00", "action": "scenario_created", "actor": "demo", "scenario_id": "SCN-orion-medium-2026", "plan_id": null, "detail": {}, "outcome": "ok"}
{"sequence": 2, "timestamp_utc": "2026-09-26T16:41:34.880+00:00", "action": "scenario_validated", "actor": "demo", "scenario_id": "SCN-orion-medium-2026", "plan_id": null, "detail": {}, "outcome": "ok"}
{"sequence": 3, "timestamp_utc": "2026-09-26T16:41:35.249+00:00", "action": "plan_generated", "actor": "demo", "scenario_id": "SCN-orion-medium-2026", "plan_id": "PLAN-0002", "detail": {"solver": "LOCAL_SEARCH", "status": "FEASIBLE", "objective": 301.03374326513534, "runtime_s": 0.3667940000013914}, "outcome": "ok"}
{"sequence": 4, "timestamp_utc": "2026-09-26T16:41:35.302+00:00", "action": "simulation_started", "actor": "demo", "scenario_id": "SCN-orion-medium-2026", "plan_id": "PLAN-0002", "detail": {"events": 66}, "outcome": "ok"}
{"sequence": 5, "timestamp_utc": "2026-09-26T16:41:35.302+00:00", "action": "disruption_injected", "actor": "demo", "scenario_id": "SCN-orion-medium-2026", "plan_id": null, "detail": {"disruption_id": "SCN-orion-medium-2026-FAIL-01", "disruption_type": "VEHICLE_FAILURE"}, "outcome": "ok"}
{"sequence": 6, "timestamp_utc": "2026-09-26T16:41:35.656+00:00", "action": "local_repair_attempted", "actor": "demo", "scenario_id": "SCN-orion-medium-2026", "plan_id": "PLAN-0002", "detail": {"disruption_id": "SCN-orion-medium-2026-FAIL-01", "strategy": "sequential", "repaired_tasks": 4, "seconds": 0.005500100000062957}, "outcome": "ok"}
{"sequence": 7, "timestamp_utc": "2026-09-26T16:41:35.656+00:00", "action": "full_reoptimization_attempted", "actor": "demo", "scenario_id": "SCN-orion-medium-2026", "plan_id": null, "detail": {"disruption_id": "SCN-orion-medium-2026-FAIL-01", "solver": "LOCAL_SEARCH", "status": "FEASIBLE", "objective": 289.36308752529646}, "outcome": "ok"}
{"sequence": 8, "timestamp_utc": "2026-09-26T16:41:35.657+00:00", "action": "disruption_injected", "actor": "demo", "scenario_id": "SCN-orion-medium-2026", "plan_id": null, "detail": {"disruption_id": "SCN-orion-medium-2026-SURGE-01", "disruption_type": "DEMAND_SURGE", "count": 8}, "outcome": "ok"}
{"sequence": 9, "timestamp_utc": "2026-09-26T16:41:36.498+00:00", "action": "what_if_run", "actor": "demo", "scenario_id": "SCN-orion-medium-2026", "plan_id": null, "detail": {}, "outcome": "ok"}
{"sequence": 10, "timestamp_utc": "2026-09-26T16:41:36.633+00:00", "action": "scenario_exported", "actor": "demo", "scenario_id": "SCN-orion-medium-2026", "plan_id": null, "detail": {}, "outcome": "ok"}
{"sequence": 1, "timestamp_utc": "2026-09-26T16:42:19.481+00:00", "action": "scenario_created", "actor": "demo", "scenario_id": "SCN-orion-medium-2026", "plan_id": null, "detail": {}, "outcome": "ok"}
{"sequence": 2, "timestamp_utc": "2026-09-26T16:42:19.481+00:00", "action": "scenario_validated", "actor": "demo", "scenario_id": "SCN-orion-medium-2026", "plan_id": null, "detail": {}, "outcome": "ok"}
{"sequence": 3, "timestamp_utc": "2026-09-26T16:42:19.848+00:00", "action": "plan_generated", "actor": "demo", "scenario_id": "SCN-orion-medium-2026", "plan_id": "PLAN-0002", "detail": {"solver": "LOCAL_SEARCH", "status": "FEASIBLE", "objective": 301.03374326513534, "runtime_s": 0.3651308999978937}, "outcome": "ok"}
{"sequence": 4, "timestamp_utc": "2026-09-26T16:42:19.902+00:00", "action": "simulation_started", "actor": "demo", "scenario_id": "SCN-orion-medium-2026", "plan_id": "PLAN-0002", "detail": {"events": 66}, "outcome": "ok"}
{"sequence": 5, "timestamp_utc": "2026-09-26T16:42:19.902+00:00", "action": "disruption_injected", "actor": "demo", "scenario_id": "SCN-orion-medium-2026", "plan_id": null, "detail": {"disruption_id": "SCN-orion-medium-2026-FAIL-01", "disruption_type": "VEHICLE_FAILURE"}, "outcome": "ok"}
{"sequence": 6, "timestamp_utc": "2026-09-26T16:42:20.252+00:00", "action": "local_repair_attempted", "actor": "demo", "scenario_id": "SCN-orion-medium-2026", "plan_id": "PLAN-0002", "detail": {"disruption_id": "SCN-orion-medium-2026-FAIL-01", "strategy": "sequential", "repaired_tasks": 4, "seconds": 0.005489800008945167}, "outcome": "ok"}
{"sequence": 7, "timestamp_utc": "2026-09-26T16:42:20.253+00:00", "action": "full_reoptimization_attempted", "actor": "demo", "scenario_id": "SCN-orion-medium-2026", "plan_id": null, "detail": {"disruption_id": "SCN-orion-medium-2026-FAIL-01", "solver": "LOCAL_SEARCH", "status": "FEASIBLE", "objective": 289.36308752529646}, "outcome": "ok"}
{"sequence": 8, "timestamp_utc": "2026-09-26T16:42:20.253+00:00", "action": "disruption_injected", "actor": "demo", "scenario_id": "SCN-orion-medium-2026", "plan_id": null, "detail": {"disruption_id": "SCN-orion-medium-2026-SURGE-01", "disruption_type": "DEMAND_SURGE", "count": 8}, "outcome": "ok"}
{"sequence": 9, "timestamp_utc": "2026-09-26T16:42:21.091+00:00", "action": "what_if_run", "actor": "demo", "scenario_id": "SCN-orion-medium-2026", "plan_id": null, "detail": {}, "outcome": "ok"}
{"sequence": 10, "timestamp_utc": "2026-09-26T16:42:21.224+00:00", "action": "scenario_exported", "actor": "demo", "scenario_id": "SCN-orion-medium-2026", "plan_id": null, "detail": {}, "outcome": "ok"}
{"sequence": 1, "timestamp_utc": "2026-09-26T16:43:30.761+00:00", "action": "scenario_created", "actor": "demo", "scenario_id": "SCN-orion-medium-2026", "plan_id": null, "detail": {}, "outcome": "ok"}
{"sequence": 2, "timestamp_utc": "2026-09-26T16:43:30.761+00:00", "action": "scenario_validated", "actor": "demo", "scenario_id": "SCN-orion-medium-2026", "plan_id": null, "detail": {}, "outcome": "ok"}
{"sequence": 3, "timestamp_utc": "2026-09-26T16:43:31.126+00:00", "action": "plan_generated", "actor": "demo", "scenario_id": "SCN-orion-medium-2026", "plan_id": "PLAN-0002", "detail": {"solver": "LOCAL_SEARCH", "status": "FEASIBLE", "objective": 301.03374326513534, "runtime_s": 0.3636477999971248}, "outcome": "ok"}
{"sequence": 4, "timestamp_utc": "2026-09-26T16:43:31.178+00:00", "action": "simulation_started", "actor": "demo", "scenario_id": "SCN-orion-medium-2026", "plan_id": "PLAN-0002", "detail": {"events": 66}, "outcome": "ok"}
{"sequence": 5, "timestamp_utc": "2026-09-26T16:43:31.178+00:00", "action": "disruption_injected", "actor": "demo", "scenario_id": "SCN-orion-medium-2026", "plan_id": null, "detail": {"disruption_id": "SCN-orion-medium-2026-FAIL-01", "disruption_type": "VEHICLE_FAILURE"}, "outcome": "ok"}
{"sequence": 6, "timestamp_utc": "2026-09-26T16:43:31.529+00:00", "action": "local_repair_attempted", "actor": "demo", "scenario_id": "SCN-orion-medium-2026", "plan_id": "PLAN-0002", "detail": {"disruption_id": "SCN-orion-medium-2026-FAIL-01", "strategy": "sequential", "repaired_tasks": 4, "seconds": 0.005950499995378777}, "outcome": "ok"}
{"sequence": 7, "timestamp_utc": "2026-09-26T16:43:31.530+00:00", "action": "full_reoptimization_attempted", "actor": "demo", "scenario_id": "SCN-orion-medium-2026", "plan_id": null, "detail": {"disruption_id": "SCN-orion-medium-2026-FAIL-01", "solver": "LOCAL_SEARCH", "status": "FEASIBLE", "objective": 289.36308752529646}, "outcome": "ok"}
{"sequence": 8, "timestamp_utc": "2026-09-26T16:43:31.530+00:00", "action": "disruption_injected", "actor": "demo", "scenario_id": "SCN-orion-medium-2026", "plan_id": null, "detail": {"disruption_id": "SCN-orion-medium-2026-SURGE-01", "disruption_type": "DEMAND_SURGE", "count": 8}, "outcome": "ok"}
{"sequence": 9, "timestamp_utc": "2026-09-26T16:43:32.365+00:00", "action": "what_if_run", "actor": "demo", "scenario_id": "SCN-orion-medium-2026", "plan_id": null, "detail": {}, "outcome": "ok"}
{"sequence": 10, "timestamp_utc": "2026-09-26T16:43:32.497+00:00", "action": "scenario_exported", "actor": "demo", "scenario_id": "SCN-orion-medium-2026", "plan_id": null, "detail": {}, "outcome": "ok"}
{"sequence": 1, "timestamp_utc": "2026-09-26T16:43:59.718+00:00", "action": "scenario_created", "actor": "demo", "scenario_id": "SCN-orion-medium-2026", "plan_id": null, "detail": {}, "outcome": "ok"}
{"sequence": 2, "timestamp_utc": "2026-09-26T16:43:59.718+00:00", "action": "scenario_validated", "actor": "demo", "scenario_id": "SCN-orion-medium-2026", "plan_id": null, "detail": {}, "outcome": "ok"}
{"sequence": 3, "timestamp_utc": "2026-09-26T16:44:00.086+00:00", "action": "plan_generated", "actor": "demo", "scenario_id": "SCN-orion-medium-2026", "plan_id": "PLAN-0002", "detail": {"solver": "LOCAL_SEARCH", "status": "FEASIBLE", "objective": 301.03374326513534, "runtime_s": 0.36620820002281107}, "outcome": "ok"}
{"sequence": 4, "timestamp_utc": "2026-09-26T16:44:00.140+00:00", "action": "simulation_started", "actor": "demo", "scenario_id": "SCN-orion-medium-2026", "plan_id": "PLAN-0002", "detail": {"events": 66}, "outcome": "ok"}
{"sequence": 5, "timestamp_utc": "2026-09-26T16:44:00.140+00:00", "action": "disruption_injected", "actor": "demo", "scenario_id": "SCN-orion-medium-2026", "plan_id": null, "detail": {"disruption_id": "SCN-orion-medium-2026-FAIL-01", "disruption_type": "VEHICLE_FAILURE"}, "outcome": "ok"}
{"sequence": 6, "timestamp_utc": "2026-09-26T16:44:00.500+00:00", "action": "local_repair_attempted", "actor": "demo", "scenario_id": "SCN-orion-medium-2026", "plan_id": "PLAN-0002", "detail": {"disruption_id": "SCN-orion-medium-2026-FAIL-01", "strategy": "sequential", "repaired_tasks": 4, "seconds": 0.0062095999892335385}, "outcome": "ok"}
{"sequence": 7, "timestamp_utc": "2026-09-26T16:44:00.500+00:00", "action": "full_reoptimization_attempted", "actor": "demo", "scenario_id": "SCN-orion-medium-2026", "plan_id": null, "detail": {"disruption_id": "SCN-orion-medium-2026-FAIL-01", "solver": "LOCAL_SEARCH", "status": "FEASIBLE", "objective": 289.36308752529646}, "outcome": "ok"}
{"sequence": 8, "timestamp_utc": "2026-09-26T16:44:00.500+00:00", "action": "disruption_injected", "actor": "demo", "scenario_id": "SCN-orion-medium-2026", "plan_id": null, "detail": {"disruption_id": "SCN-orion-medium-2026-SURGE-01", "disruption_type": "DEMAND_SURGE", "count": 8}, "outcome": "ok"}
{"sequence": 9, "timestamp_utc": "2026-09-26T16:44:01.345+00:00", "action": "what_if_run", "actor": "demo", "scenario_id": "SCN-orion-medium-2026", "plan_id": null, "detail": {}, "outcome": "ok"}
{"sequence": 10, "timestamp_utc": "2026-09-26T16:44:01.484+00:00", "action": "scenario_exported", "actor": "demo", "scenario_id": "SCN-orion-medium-2026", "plan_id": null, "detail": {}, "outcome": "ok"}
